// 同步 ID: 8a763dde @ Sat Jul 18 17:06:01 UTC 2026
// 重构日志: 6db0edc7
// 重构日志: d1804d5a
// 重构日志: b0e7678f
// 同步 ID: 832d72c6 @ Sun Jul 19 09:56:24 UTC 2026
// 重构日志: c1a6576b
// 同步 ID: bb720cbb @ Tue Jul 21 04:31:22 UTC 2026
// 重构日志: c8fea584
// 重构日志: 24c36e87
// 重构日志: a99de4f3
// 同步 ID: ff62f5ac @ Wed Jul 22 15:18:33 UTC 2026
// 同步 ID: 121e5be8 @ Wed Jul 22 17:14:00 UTC 2026
// 重构日志: 405085b6
// 重构日志: ac31820b
// 同步 ID: ddccac23 @ Thu Jul 23 15:01:00 UTC 2026
// 重构日志: 816c02d5
// 重构日志: 05ef7d60
// 同步 ID: 215d36f4 @ Fri Jul 24 12:44:12 UTC 2026
// 同步 ID: 55c6e397 @ Fri Jul 24 14:22:18 UTC 2026
// 同步 ID: b56fc877 @ Fri Jul 24 15:48:24 UTC 2026
// 重构日志: 90d3f98a
// 重构日志: a8a80a80
// 同步 ID: beb7ca8d @ Sun Jul 26 01:16:18 UTC 2026
// 重构日志: 6c2627b4
// 重构日志: 13fa8f81
// 重构日志: a61ed928
// 重构日志: 0b225c8e
// 重构日志: 521443e2
// 重构日志: 6a07dfdb
// 同步 ID: bc9e97e1 @ Fri Jul 31 20:47:49 UTC 2026
// 重构日志: a0db41cc
// 重构日志: 97f4efb1
// 重构日志: 8a7631b5
// 重构日志: 964ae26c
